Building application...
Starting application on port 29738...

  .   ____          _            __ _ _
 /\\ / ___'_ __ _ _(_)_ __  __ _ \ \ \ \
( ( )\___ | '_ | '_| | '_ \/ _` | \ \ \ \
 \\/  ___)| |_)| | | | | || (_| |  ) ) ) )
  '  |____| .__|_| |_|_| |_\__, | / / / /
 =========|_|==============|___/=/_/_/_/
 :: Spring Boot ::                (v3.2.5)

2026-09-10T05:11:01.285Z  INFO 4044236 --- [gym-management-backend] [           main] com.example.app.AppApplication           : Starting AppApplication v0.1.0 using Java 21.0.12.1 with PID 4044236 (/home/himanshu.jangra/backendX/backend/repos/9a1fb3b88f7b6f3e/target/app.jar started by himanshu.jangra in /home/himanshu.jangra/backendX/backend/repos/9a1fb3b88f7b6f3e)
2026-09-10T05:11:01.290Z  INFO 4044236 --- [gym-management-backend] [           main] com.example.app.AppApplication           : No active profile set, falling back to 1 default profile: "default"
2026-09-10T05:11:03.339Z  INFO 4044236 --- [gym-management-backend] [           main] .s.d.r.c.RepositoryConfigurationDelegate : Bootstrapping Spring Data MongoDB repositories in DEFAULT mode.
2026-09-10T05:11:03.458Z  INFO 4044236 --- [gym-management-backend] [           main] .s.d.r.c.RepositoryConfigurationDelegate : Finished Spring Data repository scanning in 112 ms. Found 16 MongoDB repository interfaces.
2026-09-10T05:11:04.199Z  INFO 4044236 --- [gym-management-backend] [           main] o.s.b.w.embedded.tomcat.TomcatWebServer  : Tomcat initialized with port 29738 (http)
2026-09-10T05:11:04.215Z  INFO 4044236 --- [gym-management-backend] [           main] o.apache.catalina.core.StandardService   : Starting service [Tomcat]
2026-09-10T05:11:04.216Z  INFO 4044236 --- [gym-management-backend] [           main] o.apache.catalina.core.StandardEngine    : Starting Servlet engine: [Apache Tomcat/10.1.20]
2026-09-10T05:11:04.278Z  INFO 4044236 --- [gym-management-backend] [           main] o.a.c.c.C.[Tomcat].[localhost].[/]       : Initializing Spring embedded WebApplicationContext
2026-09-10T05:11:04.280Z  INFO 4044236 --- [gym-management-backend] [           main] w.s.c.ServletWebServerApplicationContext : Root WebApplicationContext: initialization completed in 2822 ms
2026-09-10T05:11:04.849Z  INFO 4044236 --- [gym-management-backend] [           main] org.mongodb.driver.client                : MongoClient with metadata {"driver": {"name": "mongo-java-driver|sync|spring-boot", "version": "4.11.2"}, "os": {"type": "Linux", "name": "Linux", "architecture": "amd64", "version": "6.12.107+deb13-cloud-amd64"}, "platform": "Java/Debian/21.0.12.1+1-1-deb13u1-Debian"} created with settings MongoClientSettings{readPreference=primary, writeConcern=WriteConcern{w=null, wTimeout=null ms, journal=null}, retryWrites=true, retryReads=true, readConcern=ReadConcern{level=null}, credential=null, transportSettings=null, streamFactoryFactory=null, commandListeners=[io.micrometer.core.instrument.binder.mongodb.MongoMetricsCommandListener@4567fb2b], codecRegistry=ProvidersCodecRegistry{codecProviders=[ValueCodecProvider{}, BsonValueCodecProvider{}, DBRefCodecProvider{}, DBObjectCodecProvider{}, DocumentCodecProvider{}, CollectionCodecProvider{}, IterableCodecProvider{}, MapCodecProvider{}, GeoJsonCodecProvider{}, GridFSFileCodecProvider{}, Jsr310CodecProvider{}, JsonObjectCodecProvider{}, BsonCodecProvider{}, EnumCodecProvider{}, com.mongodb.client.model.mql.ExpressionCodecProvider@372954e1, com.mongodb.Jep395RecordCodecProvider@5fd8dd66, com.mongodb.KotlinCodecProvider@173511ff]}, loggerSettings=LoggerSettings{maxDocumentLength=1000}, clusterSettings={hosts=[localhost:27017], srvServiceName=mongodb, mode=SINGLE, requiredClusterType=UNKNOWN, requiredReplicaSetName='null', serverSelector='null', clusterListeners='[]', serverSelectionTimeout='30000 ms', localThreshold='15 ms'}, socketSettings=SocketSettings{connectTimeoutMS=10000, readTimeoutMS=0, receiveBufferSize=0, proxySettings=ProxySettings{host=null, port=null, username=null, password=null}}, heartbeatSocketSettings=SocketSettings{connectTimeoutMS=10000, readTimeoutMS=10000, receiveBufferSize=0, proxySettings=ProxySettings{host=null, port=null, username=null, password=null}}, connectionPoolSettings=ConnectionPoolSettings{maxSize=100, minSize=0, maxWaitTimeMS=120000, maxConnectionLifeTimeMS=0, maxConnectionIdleTimeMS=0, maintenanceInitialDelayMS=0, maintenanceFrequencyMS=60000, connectionPoolListeners=[io.micrometer.core.instrument.binder.mongodb.MongoMetricsConnectionPoolListener@6df11e91], maxConnecting=2}, serverSettings=ServerSettings{heartbeatFrequencyMS=10000, minHeartbeatFrequencyMS=500, serverListeners='[]', serverMonitorListeners='[]'}, sslSettings=SslSettings{enabled=false, invalidHostNameAllowed=false, context=null}, applicationName='null', compressorList=[], uuidRepresentation=JAVA_LEGACY, serverApi=null, autoEncryptionSettings=null, dnsClient=null, inetAddressResolver=null, contextProvider=null}
2026-09-10T05:11:04.917Z  INFO 4044236 --- [gym-management-backend] [localhost:27017] org.mongodb.driver.cluster               : Monitor thread successfully connected to server with description ServerDescription{address=localhost:27017, type=STANDALONE, state=CONNECTED, ok=true, minWireVersion=0, maxWireVersion=28, maxDocumentSize=16777216, logicalSessionTimeoutMinutes=30, roundTripTimeNanos=54315944}
2026-09-10T05:11:06.617Z  WARN 4044236 --- [gym-management-backend] [           main] .s.s.UserDetailsServiceAutoConfiguration : 

Using generated security password: 9d22e38d-017a-46f5-8dd4-06b051c44326

This generated password is for development use only. Your security configuration must be updated before running your application in production.

2026-09-10T05:11:07.167Z  INFO 4044236 --- [gym-management-backend] [           main] o.s.b.a.e.web.EndpointLinksResolver      : Exposing 2 endpoint(s) beneath base path '/actuator'
2026-09-10T05:11:07.227Z  INFO 4044236 --- [gym-management-backend] [           main] o.s.s.web.DefaultSecurityFilterChain     : Will secure any request with [org.springframework.security.web.session.DisableEncodeUrlFilter@78e97d4d, org.springframework.security.web.context.request.async.WebAsyncManagerIntegrationFilter@7096d451, org.springframework.security.web.context.SecurityContextHolderFilter@62de20d3, org.springframework.security.web.header.HeaderWriterFilter@185a0811, org.springframework.web.filter.CorsFilter@7816454d, org.springframework.security.web.authentication.logout.LogoutFilter@79424f25, com.example.app.security.ApiKeyFilter@563843f1, org.springframework.security.web.savedrequest.RequestCacheAwareFilter@4c9ef9c9, org.springframework.security.web.servletapi.SecurityContextHolderAwareRequestFilter@6f976c, org.springframework.security.web.authentication.AnonymousAuthenticationFilter@67d180e4, org.springframework.security.web.session.SessionManagementFilter@28d56028, org.springframework.security.web.access.ExceptionTranslationFilter@6f22c1f1, org.springframework.security.web.access.intercept.AuthorizationFilter@667dd150]
2026-09-10T05:11:07.714Z  INFO 4044236 --- [gym-management-backend] [           main] o.s.b.w.embedded.tomcat.TomcatWebServer  : Tomcat started on port 29738 (http) with context path ''
2026-09-10T05:11:07.716Z  INFO 4044236 --- [gym-management-backend] [           main] o.s.m.s.b.SimpleBrokerMessageHandler     : Starting...
2026-09-10T05:11:07.717Z  INFO 4044236 --- [gym-management-backend] [           main] o.s.m.s.b.SimpleBrokerMessageHandler     : BrokerAvailabilityEvent[available=true, SimpleBrokerMessageHandler [org.springframework.messaging.simp.broker.DefaultSubscriptionRegistry@4f65af91]]
2026-09-10T05:11:07.717Z  INFO 4044236 --- [gym-management-backend] [           main] o.s.m.s.b.SimpleBrokerMessageHandler     : Started.
2026-09-10T05:11:07.739Z  INFO 4044236 --- [gym-management-backend] [           main] com.example.app.AppApplication           : Started AppApplication in 7.04 seconds (process running for 7.624)
2026-09-10T05:11:10.724Z  INFO 4044236 --- [gym-management-backend] [io-29738-exec-1] o.a.c.c.C.[Tomcat].[localhost].[/]       : Initializing Spring DispatcherServlet 'dispatcherServlet'
2026-09-10T05:11:10.725Z  INFO 4044236 --- [gym-management-backend] [io-29738-exec-1] o.s.web.servlet.DispatcherServlet        : Initializing Servlet 'dispatcherServlet'
2026-09-10T05:11:10.730Z  INFO 4044236 --- [gym-management-backend] [io-29738-exec-1] o.s.web.servlet.DispatcherServlet        : Completed initialization in 4 ms
2026-09-10T05:11:32.698Z  INFO 4044236 --- [gym-management-backend] [ionShutdownHook] o.s.m.s.b.SimpleBrokerMessageHandler     : Stopping...
2026-09-10T05:11:32.699Z  INFO 4044236 --- [gym-management-backend] [ionShutdownHook] o.s.m.s.b.SimpleBrokerMessageHandler     : BrokerAvailabilityEvent[available=false, SimpleBrokerMessageHandler [org.springframework.messaging.simp.broker.DefaultSubscriptionRegistry@4f65af91]]
2026-09-10T05:11:32.699Z  INFO 4044236 --- [gym-management-backend] [ionShutdownHook] o.s.m.s.b.SimpleBrokerMessageHandler     : Stopped.
